package com.appspot.example.model;

import java.util.List;

public class HelloGreeting {
  public String message;
}
